// Jest Snapshot v1, https://goo.gl/fbAQLP

exports[`<VoteButtons/> should render Vote Buttons component 1`] = `
ShallowWrapper {
  Symbol(enzyme.__root__): [Circular],
  Symbol(enzyme.__unrendered__): <VoteButtons
    votes={
      Object {
        "upvotes": Object {
          "cool": 0,
          "funny": 2,
          "useful": 10,
        },
      }
    }
  />,
  Symbol(enzyme.__renderer__): Object {
    "batchedUpdates": [Function],
    "getNode": [Function],
    "render": [Function],
    "simulateError": [Function],
    "simulateEvent": [Function],
    "unmount": [Function],
  },
  Symbol(enzyme.__node__): Object {
    "instance": null,
    "key": undefined,
    "nodeType": "host",
    "props": Object {
      "children": Array [
        <Button
          count={
            Object {
              "cool": 0,
              "funny": 2,
              "useful": 10,
            }
          }
          handleButtonClick={[Function]}
          name="upvotes"
        />,
      ],
      "className": "footer-buttons",
    },
    "ref": null,
    "rendered": Array [
      Object {
        "instance": null,
        "key": undefined,
        "nodeType": "class",
        "props": Object {
          "count": Object {
            "cool": 0,
            "funny": 2,
            "useful": 10,
          },
          "handleButtonClick": [Function],
          "name": "upvotes",
        },
        "ref": null,
        "rendered": null,
        "type": [Function],
      },
    ],
    "type": "div",
  },
  Symbol(enzyme.__nodes__): Array [
    Object {
      "instance": null,
      "key": undefined,
      "nodeType": "host",
      "props": Object {
        "children": Array [
          <Button
            count={
              Object {
                "cool": 0,
                "funny": 2,
                "useful": 10,
              }
            }
            handleButtonClick={[Function]}
            name="upvotes"
          />,
        ],
        "className": "footer-buttons",
      },
      "ref": null,
      "rendered": Array [
        Object {
          "instance": null,
          "key": undefined,
          "nodeType": "class",
          "props": Object {
            "count": Object {
              "cool": 0,
              "funny": 2,
              "useful": 10,
            },
            "handleButtonClick": [Function],
            "name": "upvotes",
          },
          "ref": null,
          "rendered": null,
          "type": [Function],
        },
      ],
      "type": "div",
    },
  ],
  Symbol(enzyme.__options__): Object {
    "adapter": ReactSixteenAdapter {
      "options": Object {
        "enableComponentDidUpdateOnSetState": true,
        "lifecycles": Object {
          "componentDidUpdate": Object {
            "onSetState": true,
          },
          "getDerivedStateFromProps": true,
          "getSnapshotBeforeUpdate": true,
          "setState": Object {
            "skipsComponentDidUpdateOnNullish": true,
          },
        },
      },
    },
    "attachTo": undefined,
    "hydrateIn": undefined,
  },
}
`;
